

================================================================
== Vitis HLS Report for 'Conv2D_HW'
================================================================
* Date:           Thu Mar 26 20:40:48 2026

* Version:        2022.2 (Build 3670227 on Oct 13 2022)
* Project:        Task3_Vitis
* Solution:       solution1 (Vivado IP Flow Target)
* Product family: zynq
* Target device:  xc7z020-clg400-1


================================================================
== Performance Estimates
================================================================
+ Timing: 
    * Summary: 
    +--------+----------+----------+------------+
    |  Clock |  Target  | Estimated| Uncertainty|
    +--------+----------+----------+------------+
    |ap_clk  |  10.00 ns|  8.584 ns|     2.70 ns|
    +--------+----------+----------+------------+

+ Latency: 
    * Summary: 
    +---------+-------------+----------+-------------+-----+-------------+---------+
    |    Latency (cycles)   |   Latency (absolute)   |      Interval     | Pipeline|
    |   min   |     max     |    min   |     max     | min |     max     |   Type  |
    +---------+-------------+----------+-------------+-----+-------------+---------+
    |       73|  10805893128|  0.730 us|  108.059 sec|   74|  10805893129|       no|
    +---------+-------------+----------+-------------+-----+-------------+---------+

    + Detail: 
        * Instance: 
        +-------------------------------------------------------+--------------------------------------------+---------+---------+-----------+-----------+-----+-------+---------+
        |                                                       |                                            |  Latency (cycles) |   Latency (absolute)  |   Interval  | Pipeline|
        |                        Instance                       |                   Module                   |   min   |   max   |    min    |    max    | min |  max  |   Type  |
        +-------------------------------------------------------+--------------------------------------------+---------+---------+-----------+-----------+-----+-------+---------+
        |grp_Conv2D_HW_Pipeline_loop_load_coef_x_fu_343         |Conv2D_HW_Pipeline_loop_load_coef_x         |       24|     2319|   0.240 us|  23.190 us|   24|   2319|       no|
        |grp_Conv2D_HW_Pipeline_loop_load_row0_x_fu_366         |Conv2D_HW_Pipeline_loop_load_row0_x         |       14|    32781|   0.140 us|   0.328 ms|   14|  32781|       no|
        |grp_Conv2D_HW_Pipeline_loop_load_row1_x_fu_383         |Conv2D_HW_Pipeline_loop_load_row1_x         |       14|    32781|   0.140 us|   0.328 ms|   14|  32781|       no|
        |grp_Conv2D_HW_Pipeline_loop_load_row2_x_fu_399         |Conv2D_HW_Pipeline_loop_load_row2_x         |       14|    32781|   0.140 us|   0.328 ms|   14|  32781|       no|
        |grp_Conv2D_HW_Pipeline_loop_accumulate_channel_fu_415  |Conv2D_HW_Pipeline_loop_accumulate_channel  |        9|      264|  90.000 ns|   2.640 us|    9|    264|       no|
        +-------------------------------------------------------+--------------------------------------------+---------+---------+-----------+-----------+-----+-------+---------+

        * Loop: 
        +-------------------------+---------+-------------+---------------+-----------+-----------+---------+----------+
        |                         |    Latency (cycles)   |   Iteration   |  Initiation Interval  |   Trip  |          |
        |        Loop Name        |   min   |     max     |    Latency    |  achieved |   target  |  Count  | Pipelined|
        +-------------------------+---------+-------------+---------------+-----------+-----------+---------+----------+
        |- loop_filters           |       65|  10805893120|  65 ~ 42210520|          -|          -|  1 ~ 256|        no|
        | + loop_load_input_rows  |       36|     42208196|    36 ~ 166174|          -|          -|  1 ~ 254|        no|
        |  ++ loop_conv_x         |       12|        67818|       12 ~ 267|          -|          -|  1 ~ 254|        no|
        +-------------------------+---------+-------------+---------------+-----------+-----------+---------+----------+



================================================================
== Utilization Estimates
================================================================
* Summary: 
+-----------------+---------+-----+--------+-------+-----+
|       Name      | BRAM_18K| DSP |   FF   |  LUT  | URAM|
+-----------------+---------+-----+--------+-------+-----+
|DSP              |        -|    -|       -|      -|    -|
|Expression       |        -|    -|       0|    553|    -|
|FIFO             |        -|    -|       -|      -|    -|
|Instance         |        0|   57|    9436|   8526|    -|
|Memory           |       33|    -|       0|      0|    0|
|Multiplexer      |        -|    -|       -|   1323|    -|
|Register         |        -|    -|    1499|      -|    -|
+-----------------+---------+-----+--------+-------+-----+
|Total            |       33|   57|   10935|  10402|    0|
+-----------------+---------+-----+--------+-------+-----+
|Available        |      280|  220|  106400|  53200|    0|
+-----------------+---------+-----+--------+-------+-----+
|Utilization (%)  |       11|   25|      10|     19|    0|
+-----------------+---------+-----+--------+-------+-----+

+ Detail: 
    * Instance: 
    +-------------------------------------------------------+--------------------------------------------+---------+----+------+------+-----+
    |                        Instance                       |                   Module                   | BRAM_18K| DSP|  FF  |  LUT | URAM|
    +-------------------------------------------------------+--------------------------------------------+---------+----+------+------+-----+
    |grp_Conv2D_HW_Pipeline_loop_accumulate_channel_fu_415  |Conv2D_HW_Pipeline_loop_accumulate_channel  |        0|  27|  2794|  1393|    0|
    |grp_Conv2D_HW_Pipeline_loop_load_coef_x_fu_343         |Conv2D_HW_Pipeline_loop_load_coef_x         |        0|   3|  1420|  1333|    0|
    |grp_Conv2D_HW_Pipeline_loop_load_row0_x_fu_366         |Conv2D_HW_Pipeline_loop_load_row0_x         |        0|   1|   627|   600|    0|
    |grp_Conv2D_HW_Pipeline_loop_load_row1_x_fu_383         |Conv2D_HW_Pipeline_loop_load_row1_x         |        0|   1|   627|   600|    0|
    |grp_Conv2D_HW_Pipeline_loop_load_row2_x_fu_399         |Conv2D_HW_Pipeline_loop_load_row2_x         |        0|   1|   627|   600|    0|
    |control_s_axi_U                                        |control_s_axi                               |        0|   0|   474|   808|    0|
    |gmem0_m_axi_U                                          |gmem0_m_axi                                 |        0|   0|   718|  1318|    0|
    |gmem1_m_axi_U                                          |gmem1_m_axi                                 |        0|   0|   718|  1318|    0|
    |mul_32ns_32ns_64_2_1_U110                              |mul_32ns_32ns_64_2_1                        |        0|   3|   165|    50|    0|
    |mul_32ns_32ns_64_2_1_U114                              |mul_32ns_32ns_64_2_1                        |        0|   3|   165|    50|    0|
    |mul_32ns_64ns_96_5_1_U111                              |mul_32ns_64ns_96_5_1                        |        0|   6|   441|   256|    0|
    |mul_32s_32s_32_2_1_U112                                |mul_32s_32s_32_2_1                          |        0|   3|   165|    50|    0|
    |mul_32s_32s_32_2_1_U113                                |mul_32s_32s_32_2_1                          |        0|   3|   165|    50|    0|
    |mul_32s_32s_32_2_1_U115                                |mul_32s_32s_32_2_1                          |        0|   3|   165|    50|    0|
    |mul_32s_32s_32_2_1_U116                                |mul_32s_32s_32_2_1                          |        0|   3|   165|    50|    0|
    +-------------------------------------------------------+--------------------------------------------+---------+----+------+------+-----+
    |Total                                                  |                                            |        0|  57|  9436|  8526|    0|
    +-------------------------------------------------------+--------------------------------------------+---------+----+------+------+-----+

    * DSP: 
    N/A

    * Memory: 
    +------------------+----------------------------+---------+---+----+-----+------+-----+------+-------------+
    |      Memory      |           Module           | BRAM_18K| FF| LUT| URAM| Words| Bits| Banks| W*Bits*Banks|
    +------------------+----------------------------+---------+---+----+-----+------+-----+------+-------------+
    |filterCoeffs_U    |filterCoeffs_RAM_AUTO_1R1W  |        1|  0|   0|    0|   256|   32|     1|         8192|
    |filterCoeffs_1_U  |filterCoeffs_RAM_AUTO_1R1W  |        1|  0|   0|    0|   256|   32|     1|         8192|
    |filterCoeffs_2_U  |filterCoeffs_RAM_AUTO_1R1W  |        1|  0|   0|    0|   256|   32|     1|         8192|
    |filterCoeffs_3_U  |filterCoeffs_RAM_AUTO_1R1W  |        1|  0|   0|    0|   256|   32|     1|         8192|
    |filterCoeffs_4_U  |filterCoeffs_RAM_AUTO_1R1W  |        1|  0|   0|    0|   256|   32|     1|         8192|
    |filterCoeffs_5_U  |filterCoeffs_RAM_AUTO_1R1W  |        1|  0|   0|    0|   256|   32|     1|         8192|
    |filterCoeffs_6_U  |filterCoeffs_RAM_AUTO_1R1W  |        1|  0|   0|    0|   256|   32|     1|         8192|
    |filterCoeffs_7_U  |filterCoeffs_RAM_AUTO_1R1W  |        1|  0|   0|    0|   256|   32|     1|         8192|
    |filterCoeffs_8_U  |filterCoeffs_RAM_AUTO_1R1W  |        1|  0|   0|    0|   256|   32|     1|         8192|
    |lineBuffer0_U     |lineBuffer0_RAM_AUTO_1R1W   |        2|  0|   0|    0|  1024|   32|     1|        32768|
    |lineBuffer0_1_U   |lineBuffer0_RAM_AUTO_1R1W   |        2|  0|   0|    0|  1024|   32|     1|        32768|
    |lineBuffer0_2_U   |lineBuffer0_RAM_AUTO_1R1W   |        2|  0|   0|    0|  1024|   32|     1|        32768|
    |lineBuffer0_3_U   |lineBuffer0_RAM_AUTO_1R1W   |        2|  0|   0|    0|  1024|   32|     1|        32768|
    |lineBuffer1_U     |lineBuffer1_RAM_AUTO_1R1W   |        2|  0|   0|    0|  1024|   32|     1|        32768|
    |lineBuffer1_1_U   |lineBuffer1_RAM_AUTO_1R1W   |        2|  0|   0|    0|  1024|   32|     1|        32768|
    |lineBuffer1_2_U   |lineBuffer1_RAM_AUTO_1R1W   |        2|  0|   0|    0|  1024|   32|     1|        32768|
    |lineBuffer1_3_U   |lineBuffer1_RAM_AUTO_1R1W   |        2|  0|   0|    0|  1024|   32|     1|        32768|
    |lineBuffer2_U     |lineBuffer1_RAM_AUTO_1R1W   |        2|  0|   0|    0|  1024|   32|     1|        32768|
    |lineBuffer2_1_U   |lineBuffer1_RAM_AUTO_1R1W   |        2|  0|   0|    0|  1024|   32|     1|        32768|
    |lineBuffer2_2_U   |lineBuffer1_RAM_AUTO_1R1W   |        2|  0|   0|    0|  1024|   32|     1|        32768|
    |lineBuffer2_3_U   |lineBuffer1_RAM_AUTO_1R1W   |        2|  0|   0|    0|  1024|   32|     1|        32768|
    +------------------+----------------------------+---------+---+----+-----+------+-----+------+-------------+
    |Total             |                            |       33|  0|   0|    0| 14592|  672|    21|       466944|
    +------------------+----------------------------+---------+---+----+-----+------+-----+------+-------------+

    * FIFO: 
    N/A

    * Expression: 
    +----------------------------------+----------+----+---+----+------------+------------+
    |           Variable Name          | Operation| DSP| FF| LUT| Bitwidth P0| Bitwidth P1|
    +----------------------------------+----------+----+---+----+------------+------------+
    |add_ln140_fu_646_p2               |         +|   0|  0|  39|          32|           1|
    |add_ln45_1_fu_542_p2              |         +|   0|  0|  39|          32|          32|
    |add_ln45_2_fu_547_p2              |         +|   0|  0|  39|          32|          32|
    |add_ln45_fu_557_p2                |         +|   0|  0|  39|          32|           1|
    |add_ln79_fu_572_p2                |         +|   0|  0|  39|          32|          32|
    |empty_49_fu_617_p2                |         +|   0|  0|  71|          64|          64|
    |empty_50_fu_588_p2                |         +|   0|  0|  39|          32|          32|
    |indvars_iv_next165_fu_582_p2      |         +|   0|  0|  39|          32|           1|
    |lineOffset_2_fu_662_p2            |         +|   0|  0|  39|          32|          32|
    |outputHeight_fu_513_p2            |         +|   0|  0|  39|          32|           3|
    |outputWidth_fu_508_p2             |         +|   0|  0|  39|          32|           3|
    |ap_block_state18_on_subcall_done  |       and|   0|  0|   2|           1|           1|
    |cmp319_fu_518_p2                  |      icmp|   0|  0|  18|          32|           1|
    |icmp_ln140_fu_641_p2              |      icmp|   0|  0|  18|          32|          32|
    |icmp_ln45_fu_552_p2               |      icmp|   0|  0|  18|          32|          32|
    |icmp_ln61_fu_528_p2               |      icmp|   0|  0|  18|          32|           1|
    |icmp_ln79_fu_577_p2               |      icmp|   0|  0|  18|          32|          32|
    +----------------------------------+----------+----+---+----+------------+------------+
    |Total                             |          |   0|  0| 553|         545|         332|
    +----------------------------------+----------+----+---+----+------------+------------+

    * Multiplexer: 
    +-------------------------+-----+-----------+-----+-----------+
    |           Name          | LUT | Input Size| Bits| Total Bits|
    +-------------------------+-----+-----------+-----+-----------+
    |ap_NS_fsm                |  125|         28|    1|         28|
    |filterCoeffs_1_address0  |   14|          3|    8|         24|
    |filterCoeffs_1_ce0       |   14|          3|    1|          3|
    |filterCoeffs_1_we0       |    9|          2|    1|          2|
    |filterCoeffs_2_address0  |   14|          3|    8|         24|
    |filterCoeffs_2_ce0       |   14|          3|    1|          3|
    |filterCoeffs_2_we0       |    9|          2|    1|          2|
    |filterCoeffs_3_address0  |   14|          3|    8|         24|
    |filterCoeffs_3_ce0       |   14|          3|    1|          3|
    |filterCoeffs_3_we0       |    9|          2|    1|          2|
    |filterCoeffs_4_address0  |   14|          3|    8|         24|
    |filterCoeffs_4_ce0       |   14|          3|    1|          3|
    |filterCoeffs_4_we0       |    9|          2|    1|          2|
    |filterCoeffs_5_address0  |   14|          3|    8|         24|
    |filterCoeffs_5_ce0       |   14|          3|    1|          3|
    |filterCoeffs_5_we0       |    9|          2|    1|          2|
    |filterCoeffs_6_address0  |   14|          3|    8|         24|
    |filterCoeffs_6_ce0       |   14|          3|    1|          3|
    |filterCoeffs_6_we0       |    9|          2|    1|          2|
    |filterCoeffs_7_address0  |   14|          3|    8|         24|
    |filterCoeffs_7_ce0       |   14|          3|    1|          3|
    |filterCoeffs_7_we0       |    9|          2|    1|          2|
    |filterCoeffs_8_address0  |   14|          3|    8|         24|
    |filterCoeffs_8_ce0       |   14|          3|    1|          3|
    |filterCoeffs_8_we0       |    9|          2|    1|          2|
    |filterCoeffs_address0    |   14|          3|    8|         24|
    |filterCoeffs_ce0         |   14|          3|    1|          3|
    |filterCoeffs_we0         |    9|          2|    1|          2|
    |gmem0_ARADDR             |   20|          4|   64|        256|
    |gmem0_ARLEN              |   20|          4|   32|        128|
    |gmem0_ARVALID            |   20|          4|    1|          4|
    |gmem0_RREADY             |   20|          4|    1|          4|
    |gmem0_blk_n_AW           |    9|          2|    1|          2|
    |gmem0_blk_n_B            |    9|          2|    1|          2|
    |gmem0_blk_n_W            |    9|          2|    1|          2|
    |gmem1_ARVALID            |    9|          2|    1|          2|
    |gmem1_RREADY             |    9|          2|    1|          2|
    |grp_fu_488_ce            |   25|          5|    1|          5|
    |grp_fu_488_p0            |   31|          6|   32|        192|
    |grp_fu_488_p1            |   31|          6|   32|        192|
    |grp_fu_492_ce            |    9|          2|    1|          2|
    |grp_fu_492_p0            |   14|          3|   32|         96|
    |grp_fu_492_p1            |   14|          3|   32|         96|
    |grp_fu_563_ce            |    9|          2|    1|          2|
    |grp_fu_563_p0            |   14|          3|   32|         96|
    |grp_fu_563_p1            |   14|          3|   32|         96|
    |iFilter_fu_138           |    9|          2|   32|         64|
    |lineBuffer0_1_address0   |   14|          3|   10|         30|
    |lineBuffer0_1_ce0        |   14|          3|    1|          3|
    |lineBuffer0_1_we0        |    9|          2|    1|          2|
    |lineBuffer0_2_address0   |   14|          3|   10|         30|
    |lineBuffer0_2_ce0        |   14|          3|    1|          3|
    |lineBuffer0_2_we0        |    9|          2|    1|          2|
    |lineBuffer0_3_address0   |   14|          3|   10|         30|
    |lineBuffer0_3_ce0        |   14|          3|    1|          3|
    |lineBuffer0_3_we0        |    9|          2|    1|          2|
    |lineBuffer0_address0     |   14|          3|   10|         30|
    |lineBuffer0_ce0          |   14|          3|    1|          3|
    |lineBuffer0_we0          |    9|          2|    1|          2|
    |lineBuffer1_1_address0   |   14|          3|   10|         30|
    |lineBuffer1_1_ce0        |   14|          3|    1|          3|
    |lineBuffer1_1_ce1        |    9|          2|    1|          2|
    |lineBuffer1_1_we0        |    9|          2|    1|          2|
    |lineBuffer1_2_address0   |   14|          3|   10|         30|
    |lineBuffer1_2_ce0        |   14|          3|    1|          3|
    |lineBuffer1_2_ce1        |    9|          2|    1|          2|
    |lineBuffer1_2_we0        |    9|          2|    1|          2|
    |lineBuffer1_3_address0   |   14|          3|   10|         30|
    |lineBuffer1_3_ce0        |   14|          3|    1|          3|
    |lineBuffer1_3_ce1        |    9|          2|    1|          2|
    |lineBuffer1_3_we0        |    9|          2|    1|          2|
    |lineBuffer1_address0     |   14|          3|   10|         30|
    |lineBuffer1_ce0          |   14|          3|    1|          3|
    |lineBuffer1_ce1          |    9|          2|    1|          2|
    |lineBuffer1_we0          |    9|          2|    1|          2|
    |lineBuffer2_1_address0   |   14|          3|   10|         30|
    |lineBuffer2_1_ce0        |   14|          3|    1|          3|
    |lineBuffer2_1_ce1        |    9|          2|    1|          2|
    |lineBuffer2_1_we0        |    9|          2|    1|          2|
    |lineBuffer2_2_address0   |   14|          3|   10|         30|
    |lineBuffer2_2_ce0        |   14|          3|    1|          3|
    |lineBuffer2_2_ce1        |    9|          2|    1|          2|
    |lineBuffer2_2_we0        |    9|          2|    1|          2|
    |lineBuffer2_3_address0   |   14|          3|   10|         30|
    |lineBuffer2_3_ce0        |   14|          3|    1|          3|
    |lineBuffer2_3_ce1        |    9|          2|    1|          2|
    |lineBuffer2_3_we0        |    9|          2|    1|          2|
    |lineBuffer2_address0     |   14|          3|   10|         30|
    |lineBuffer2_ce0          |   14|          3|    1|          3|
    |lineBuffer2_ce1          |    9|          2|    1|          2|
    |lineBuffer2_we0          |    9|          2|    1|          2|
    |lineOffset_1_reg_310     |    9|          2|   32|         64|
    |phi_mul101_fu_134        |    9|          2|   32|         64|
    |phi_mul103_fu_130        |    9|          2|   32|         64|
    |phi_mul_reg_320          |    9|          2|   32|         64|
    |x_reg_332                |    9|          2|   32|         64|
    |y_reg_299                |    9|          2|   32|         64|
    +-------------------------+-----+-----------+-----+-----------+
    |Total                    | 1323|        285|  765|       2352|
    +-------------------------+-----+-----------+-----+-----------+

    * Register: 
    +--------------------------------------------------------------------+----+----+-----+-----------+
    |                                Name                                | FF | LUT| Bits| Const Bits|
    +--------------------------------------------------------------------+----+----+-----+-----------+
    |add_ln140_reg_926                                                   |  32|   0|   32|          0|
    |add_ln45_1_reg_864                                                  |  32|   0|   32|          0|
    |add_ln45_2_reg_869                                                  |  32|   0|   32|          0|
    |add_ln45_reg_877                                                    |  32|   0|   32|          0|
    |add_ln79_reg_893                                                    |  32|   0|   32|          0|
    |ap_CS_fsm                                                           |  27|   0|   27|          0|
    |cmp319_reg_819                                                      |   1|   0|    1|          0|
    |coeffs_read_reg_739                                                 |  64|   0|   64|          0|
    |convHeight_read_reg_692                                             |  32|   0|   32|          0|
    |convWidth_read_reg_698                                              |  32|   0|   32|          0|
    |empty_49_reg_912                                                    |  64|   0|   64|          0|
    |empty_50_reg_907                                                    |  32|   0|   32|          0|
    |empty_52_reg_931                                                    |  12|   0|   12|          0|
    |empty_53_reg_936                                                    |   2|   0|    2|          0|
    |empty_reg_882                                                       |  32|   0|   32|          0|
    |gmem0_addr_reg_917                                                  |  64|   0|   64|          0|
    |grp_Conv2D_HW_Pipeline_loop_accumulate_channel_fu_415_ap_start_reg  |   1|   0|    1|          0|
    |grp_Conv2D_HW_Pipeline_loop_load_coef_x_fu_343_ap_start_reg         |   1|   0|    1|          0|
    |grp_Conv2D_HW_Pipeline_loop_load_row0_x_fu_366_ap_start_reg         |   1|   0|    1|          0|
    |grp_Conv2D_HW_Pipeline_loop_load_row1_x_fu_383_ap_start_reg         |   1|   0|    1|          0|
    |grp_Conv2D_HW_Pipeline_loop_load_row2_x_fu_399_ap_start_reg         |   1|   0|    1|          0|
    |iFilter_fu_138                                                      |  32|   0|   32|          0|
    |icmp_ln61_reg_853                                                   |   1|   0|    1|          0|
    |indvars_iv_next165_reg_902                                          |  32|   0|   32|          0|
    |inputHeight_read_reg_706                                            |  32|   0|   32|          0|
    |inputWidth_read_reg_712                                             |  32|   0|   32|          0|
    |input_r_read_reg_749                                                |  64|   0|   64|          0|
    |lineOffset_1_reg_310                                                |  32|   0|   32|          0|
    |lineOffset_2_reg_941                                                |  32|   0|   32|          0|
    |lineOffset_reg_888                                                  |  32|   0|   32|          0|
    |mul_ln10_1_reg_841                                                  |  96|   0|   96|          0|
    |mul_ln10_2_reg_846                                                  |  64|   0|   64|          0|
    |mul_ln10_reg_779                                                    |  64|   0|   64|          0|
    |mul_ln45_1_reg_829                                                  |  32|   0|   32|          0|
    |mul_ln45_reg_823                                                    |  32|   0|   32|          0|
    |numChannels_read_reg_730                                            |  32|   0|   32|          0|
    |numFilters_read_reg_725                                             |  32|   0|   32|          0|
    |outputHeight_reg_813                                                |  32|   0|   32|          0|
    |outputWidth_reg_805                                                 |  32|   0|   32|          0|
    |output_r_read_reg_744                                               |  64|   0|   64|          0|
    |phi_mul101_fu_134                                                   |  32|   0|   32|          0|
    |phi_mul103_fu_130                                                   |  32|   0|   32|          0|
    |phi_mul_reg_320                                                     |  32|   0|   32|          0|
    |shl_ln45_reg_836                                                    |  31|   0|   32|          1|
    |trunc_ln10_reg_762                                                  |  12|   0|   12|          0|
    |x_reg_332                                                           |  32|   0|   32|          0|
    |y_reg_299                                                           |  32|   0|   32|          0|
    +--------------------------------------------------------------------+----+----+-----+-----------+
    |Total                                                               |1499|   0| 1500|          1|
    +--------------------------------------------------------------------+----+----+-----+-----------+



================================================================
== Interface
================================================================
* Summary: 
+-----------------------+-----+-----+------------+--------------+--------------+
|       RTL Ports       | Dir | Bits|  Protocol  | Source Object|    C Type    |
+-----------------------+-----+-----+------------+--------------+--------------+
|s_axi_control_AWVALID  |   in|    1|       s_axi|       control|        scalar|
|s_axi_control_AWREADY  |  out|    1|       s_axi|       control|        scalar|
|s_axi_control_AWADDR   |   in|    7|       s_axi|       control|        scalar|
|s_axi_control_WVALID   |   in|    1|       s_axi|       control|        scalar|
|s_axi_control_WREADY   |  out|    1|       s_axi|       control|        scalar|
|s_axi_control_WDATA    |   in|   32|       s_axi|       control|        scalar|
|s_axi_control_WSTRB    |   in|    4|       s_axi|       control|        scalar|
|s_axi_control_ARVALID  |   in|    1|       s_axi|       control|        scalar|
|s_axi_control_ARREADY  |  out|    1|       s_axi|       control|        scalar|
|s_axi_control_ARADDR   |   in|    7|       s_axi|       control|        scalar|
|s_axi_control_RVALID   |  out|    1|       s_axi|       control|        scalar|
|s_axi_control_RREADY   |   in|    1|       s_axi|       control|        scalar|
|s_axi_control_RDATA    |  out|   32|       s_axi|       control|        scalar|
|s_axi_control_RRESP    |  out|    2|       s_axi|       control|        scalar|
|s_axi_control_BVALID   |  out|    1|       s_axi|       control|        scalar|
|s_axi_control_BREADY   |   in|    1|       s_axi|       control|        scalar|
|s_axi_control_BRESP    |  out|    2|       s_axi|       control|        scalar|
|ap_clk                 |   in|    1|  ap_ctrl_hs|     Conv2D_HW|  return value|
|ap_rst_n               |   in|    1|  ap_ctrl_hs|     Conv2D_HW|  return value|
|interrupt              |  out|    1|  ap_ctrl_hs|     Conv2D_HW|  return value|
|m_axi_gmem0_AWVALID    |  out|    1|       m_axi|         gmem0|       pointer|
|m_axi_gmem0_AWREADY    |   in|    1|       m_axi|         gmem0|       pointer|
|m_axi_gmem0_AWADDR     |  out|   64|       m_axi|         gmem0|       pointer|
|m_axi_gmem0_AWID       |  out|    1|       m_axi|         gmem0|       pointer|
|m_axi_gmem0_AWLEN      |  out|    8|       m_axi|         gmem0|       pointer|
|m_axi_gmem0_AWSIZE     |  out|    3|       m_axi|         gmem0|       pointer|
|m_axi_gmem0_AWBURST    |  out|    2|       m_axi|         gmem0|       pointer|
|m_axi_gmem0_AWLOCK     |  out|    2|       m_axi|         gmem0|       pointer|
|m_axi_gmem0_AWCACHE    |  out|    4|       m_axi|         gmem0|       pointer|
|m_axi_gmem0_AWPROT     |  out|    3|       m_axi|         gmem0|       pointer|
|m_axi_gmem0_AWQOS      |  out|    4|       m_axi|         gmem0|       pointer|
|m_axi_gmem0_AWREGION   |  out|    4|       m_axi|         gmem0|       pointer|
|m_axi_gmem0_AWUSER     |  out|    1|       m_axi|         gmem0|       pointer|
|m_axi_gmem0_WVALID     |  out|    1|       m_axi|         gmem0|       pointer|
|m_axi_gmem0_WREADY     |   in|    1|       m_axi|         gmem0|       pointer|
|m_axi_gmem0_WDATA      |  out|   32|       m_axi|         gmem0|       pointer|
|m_axi_gmem0_WSTRB      |  out|    4|       m_axi|         gmem0|       pointer|
|m_axi_gmem0_WLAST      |  out|    1|       m_axi|         gmem0|       pointer|
|m_axi_gmem0_WID        |  out|    1|       m_axi|         gmem0|       pointer|
|m_axi_gmem0_WUSER      |  out|    1|       m_axi|         gmem0|       pointer|
|m_axi_gmem0_ARVALID    |  out|    1|       m_axi|         gmem0|       pointer|
|m_axi_gmem0_ARREADY    |   in|    1|       m_axi|         gmem0|       pointer|
|m_axi_gmem0_ARADDR     |  out|   64|       m_axi|         gmem0|       pointer|
|m_axi_gmem0_ARID       |  out|    1|       m_axi|         gmem0|       pointer|
|m_axi_gmem0_ARLEN      |  out|    8|       m_axi|         gmem0|       pointer|
|m_axi_gmem0_ARSIZE     |  out|    3|       m_axi|         gmem0|       pointer|
|m_axi_gmem0_ARBURST    |  out|    2|       m_axi|         gmem0|       pointer|
|m_axi_gmem0_ARLOCK     |  out|    2|       m_axi|         gmem0|       pointer|
|m_axi_gmem0_ARCACHE    |  out|    4|       m_axi|         gmem0|       pointer|
|m_axi_gmem0_ARPROT     |  out|    3|       m_axi|         gmem0|       pointer|
|m_axi_gmem0_ARQOS      |  out|    4|       m_axi|         gmem0|       pointer|
|m_axi_gmem0_ARREGION   |  out|    4|       m_axi|         gmem0|       pointer|
|m_axi_gmem0_ARUSER     |  out|    1|       m_axi|         gmem0|       pointer|
|m_axi_gmem0_RVALID     |   in|    1|       m_axi|         gmem0|       pointer|
|m_axi_gmem0_RREADY     |  out|    1|       m_axi|         gmem0|       pointer|
|m_axi_gmem0_RDATA      |   in|   32|       m_axi|         gmem0|       pointer|
|m_axi_gmem0_RLAST      |   in|    1|       m_axi|         gmem0|       pointer|
|m_axi_gmem0_RID        |   in|    1|       m_axi|         gmem0|       pointer|
|m_axi_gmem0_RUSER      |   in|    1|       m_axi|         gmem0|       pointer|
|m_axi_gmem0_RRESP      |   in|    2|       m_axi|         gmem0|       pointer|
|m_axi_gmem0_BVALID     |   in|    1|       m_axi|         gmem0|       pointer|
|m_axi_gmem0_BREADY     |  out|    1|       m_axi|         gmem0|       pointer|
|m_axi_gmem0_BRESP      |   in|    2|       m_axi|         gmem0|       pointer|
|m_axi_gmem0_BID        |   in|    1|       m_axi|         gmem0|       pointer|
|m_axi_gmem0_BUSER      |   in|    1|       m_axi|         gmem0|       pointer|
|m_axi_gmem1_AWVALID    |  out|    1|       m_axi|         gmem1|       pointer|
|m_axi_gmem1_AWREADY    |   in|    1|       m_axi|         gmem1|       pointer|
|m_axi_gmem1_AWADDR     |  out|   64|       m_axi|         gmem1|       pointer|
|m_axi_gmem1_AWID       |  out|    1|       m_axi|         gmem1|       pointer|
|m_axi_gmem1_AWLEN      |  out|    8|       m_axi|         gmem1|       pointer|
|m_axi_gmem1_AWSIZE     |  out|    3|       m_axi|         gmem1|       pointer|
|m_axi_gmem1_AWBURST    |  out|    2|       m_axi|         gmem1|       pointer|
|m_axi_gmem1_AWLOCK     |  out|    2|       m_axi|         gmem1|       pointer|
|m_axi_gmem1_AWCACHE    |  out|    4|       m_axi|         gmem1|       pointer|
|m_axi_gmem1_AWPROT     |  out|    3|       m_axi|         gmem1|       pointer|
|m_axi_gmem1_AWQOS      |  out|    4|       m_axi|         gmem1|       pointer|
|m_axi_gmem1_AWREGION   |  out|    4|       m_axi|         gmem1|       pointer|
|m_axi_gmem1_AWUSER     |  out|    1|       m_axi|         gmem1|       pointer|
|m_axi_gmem1_WVALID     |  out|    1|       m_axi|         gmem1|       pointer|
|m_axi_gmem1_WREADY     |   in|    1|       m_axi|         gmem1|       pointer|
|m_axi_gmem1_WDATA      |  out|   32|       m_axi|         gmem1|       pointer|
|m_axi_gmem1_WSTRB      |  out|    4|       m_axi|         gmem1|       pointer|
|m_axi_gmem1_WLAST      |  out|    1|       m_axi|         gmem1|       pointer|
|m_axi_gmem1_WID        |  out|    1|       m_axi|         gmem1|       pointer|
|m_axi_gmem1_WUSER      |  out|    1|       m_axi|         gmem1|       pointer|
|m_axi_gmem1_ARVALID    |  out|    1|       m_axi|         gmem1|       pointer|
|m_axi_gmem1_ARREADY    |   in|    1|       m_axi|         gmem1|       pointer|
|m_axi_gmem1_ARADDR     |  out|   64|       m_axi|         gmem1|       pointer|
|m_axi_gmem1_ARID       |  out|    1|       m_axi|         gmem1|       pointer|
|m_axi_gmem1_ARLEN      |  out|    8|       m_axi|         gmem1|       pointer|
|m_axi_gmem1_ARSIZE     |  out|    3|       m_axi|         gmem1|       pointer|
|m_axi_gmem1_ARBURST    |  out|    2|       m_axi|         gmem1|       pointer|
|m_axi_gmem1_ARLOCK     |  out|    2|       m_axi|         gmem1|       pointer|
|m_axi_gmem1_ARCACHE    |  out|    4|       m_axi|         gmem1|       pointer|
|m_axi_gmem1_ARPROT     |  out|    3|       m_axi|         gmem1|       pointer|
|m_axi_gmem1_ARQOS      |  out|    4|       m_axi|         gmem1|       pointer|
|m_axi_gmem1_ARREGION   |  out|    4|       m_axi|         gmem1|       pointer|
|m_axi_gmem1_ARUSER     |  out|    1|       m_axi|         gmem1|       pointer|
|m_axi_gmem1_RVALID     |   in|    1|       m_axi|         gmem1|       pointer|
|m_axi_gmem1_RREADY     |  out|    1|       m_axi|         gmem1|       pointer|
|m_axi_gmem1_RDATA      |   in|   32|       m_axi|         gmem1|       pointer|
|m_axi_gmem1_RLAST      |   in|    1|       m_axi|         gmem1|       pointer|
|m_axi_gmem1_RID        |   in|    1|       m_axi|         gmem1|       pointer|
|m_axi_gmem1_RUSER      |   in|    1|       m_axi|         gmem1|       pointer|
|m_axi_gmem1_RRESP      |   in|    2|       m_axi|         gmem1|       pointer|
|m_axi_gmem1_BVALID     |   in|    1|       m_axi|         gmem1|       pointer|
|m_axi_gmem1_BREADY     |  out|    1|       m_axi|         gmem1|       pointer|
|m_axi_gmem1_BRESP      |   in|    2|       m_axi|         gmem1|       pointer|
|m_axi_gmem1_BID        |   in|    1|       m_axi|         gmem1|       pointer|
|m_axi_gmem1_BUSER      |   in|    1|       m_axi|         gmem1|       pointer|
+-----------------------+-----+-----+------------+--------------+--------------+

