

================================================================
== Vitis HLS Report for 'Conv2D_HW_Pipeline_loop_load_coef_x'
================================================================
* Date:           Tue Mar 24 17:13:58 2026

* Version:        2022.2 (Build 3670227 on Oct 13 2022)
* Project:        Task2_Vitis
* Solution:       solution1 (Vivado IP Flow Target)
* Product family: zynq
* Target device:  xc7z020i-clg400-1L


================================================================
== Performance Estimates
================================================================
+ Timing: 
    * Summary: 
    +--------+----------+----------+------------+
    |  Clock |  Target  | Estimated| Uncertainty|
    +--------+----------+----------+------------+
    |ap_clk  |  10.00 ns|  8.584 ns|     2.70 ns|
    +--------+----------+----------+------------+

+ Latency: 
    * Summary: 
    +---------+---------+----------+----------+-----+-----+---------+
    |  Latency (cycles) |  Latency (absolute) |  Interval | Pipeline|
    |   min   |   max   |    min   |    max   | min | max |   Type  |
    +---------+---------+----------+----------+-----+-----+---------+
    |        ?|        ?|         ?|         ?|    ?|    ?|       no|
    +---------+---------+----------+----------+-----+-----+---------+

    + Detail: 
        * Instance: 
        N/A

        * Loop: 
        +--------------------------------------------------------+---------+---------+----------+-----------+-----------+------+----------+
        |                                                        |  Latency (cycles) | Iteration|  Initiation Interval  | Trip |          |
        |                        Loop Name                       |   min   |   max   |  Latency |  achieved |   target  | Count| Pipelined|
        +--------------------------------------------------------+---------+---------+----------+-----------+-----------+------+----------+
        |- loop_load_channels_loop_load_coef_y_loop_load_coef_x  |        ?|        ?|        15|          1|          1|     ?|       yes|
        +--------------------------------------------------------+---------+---------+----------+-----------+-----------+------+----------+



================================================================
== Utilization Estimates
================================================================
* Summary: 
+-----------------+---------+-----+--------+-------+-----+
|       Name      | BRAM_18K| DSP |   FF   |  LUT  | URAM|
+-----------------+---------+-----+--------+-------+-----+
|DSP              |        -|    -|       -|      -|    -|
|Expression       |        -|    -|       0|    960|    -|
|FIFO             |        -|    -|       -|      -|    -|
|Instance         |        -|    -|       -|      -|    -|
|Memory           |        -|    -|       -|      -|    -|
|Multiplexer      |        -|    -|       -|     99|    -|
|Register         |        -|    -|    1255|    224|    -|
+-----------------+---------+-----+--------+-------+-----+
|Total            |        0|    0|    1255|   1283|    0|
+-----------------+---------+-----+--------+-------+-----+
|Available        |      280|  220|  106400|  53200|    0|
+-----------------+---------+-----+--------+-------+-----+
|Utilization (%)  |        0|    0|       1|      2|    0|
+-----------------+---------+-----+--------+-------+-----+

+ Detail: 
    * Instance: 
    N/A

    * DSP: 
    N/A

    * Memory: 
    N/A

    * FIFO: 
    N/A

    * Expression: 
    +---------------------------+----------+----+---+-----+------------+------------+
    |       Variable Name       | Operation| DSP| FF| LUT | Bitwidth P0| Bitwidth P1|
    +---------------------------+----------+----+---+-----+------------+------------+
    |add_ln42_1_fu_355_p2       |         +|   0|  0|  103|          96|           1|
    |add_ln42_fu_507_p2         |         +|   0|  0|   39|          32|           1|
    |add_ln43_1_fu_555_p2       |         +|   0|  0|   41|          34|          34|
    |add_ln43_2_fu_573_p2       |         +|   0|  0|   40|          33|          33|
    |add_ln43_3_fu_430_p2       |         +|   0|  0|   39|          32|           1|
    |add_ln43_4_fu_544_p2       |         +|   0|  0|   40|          33|          33|
    |add_ln43_5_fu_585_p2       |         +|   0|  0|   41|          34|          34|
    |add_ln43_6_fu_617_p2       |         +|   0|  0|   71|          64|          64|
    |add_ln43_7_fu_366_p2       |         +|   0|  0|   71|          64|           1|
    |add_ln43_fu_536_p2         |         +|   0|  0|   40|          33|          33|
    |add_ln44_fu_479_p2         |         +|   0|  0|   39|          32|           1|
    |ap_block_state8_io         |       and|   0|  0|    2|           1|           1|
    |icmp_ln42_fu_350_p2        |      icmp|   0|  0|   39|          96|          96|
    |icmp_ln43_fu_361_p2        |      icmp|   0|  0|   29|          64|          64|
    |icmp_ln44_fu_419_p2        |      icmp|   0|  0|   18|          32|          32|
    |ap_block_pp0_stage0_11001  |        or|   0|  0|    2|           1|           1|
    |or_ln42_fu_407_p2          |        or|   0|  0|    2|           1|           1|
    |or_ln43_1_fu_442_p2        |        or|   0|  0|    2|           1|           1|
    |or_ln43_fu_436_p2          |        or|   0|  0|    2|           1|           1|
    |select_ln42_1_fu_513_p3    |    select|   0|  0|   32|           1|          32|
    |select_ln42_2_fu_564_p3    |    select|   0|  0|   32|           1|          32|
    |select_ln42_3_fu_412_p3    |    select|   0|  0|    2|           1|           1|
    |select_ln42_4_fu_424_p3    |    select|   0|  0|    2|           1|           1|
    |select_ln42_5_fu_591_p3    |    select|   0|  0|   34|           1|          34|
    |select_ln42_fu_400_p3      |    select|   0|  0|   32|           1|           1|
    |select_ln43_1_fu_598_p3    |    select|   0|  0|   34|           1|          34|
    |select_ln43_2_fu_459_p3    |    select|   0|  0|    2|           1|           2|
    |select_ln43_3_fu_467_p3    |    select|   0|  0|   32|           1|          32|
    |select_ln43_4_fu_372_p3    |    select|   0|  0|   64|           1|           1|
    |select_ln43_fu_447_p3      |    select|   0|  0|   32|           1|           1|
    |ap_enable_pp0              |       xor|   0|  0|    2|           1|           2|
    +---------------------------+----------+----+---+-----+------------+------------+
    |Total                      |          |   0|  0|  960|         696|         606|
    +---------------------------+----------+----+---+-----+------------+------------+

    * Multiplexer: 
    +---------------------------------------+----+-----------+-----+-----------+
    |                  Name                 | LUT| Input Size| Bits| Total Bits|
    +---------------------------------------+----+-----------+-----+-----------+
    |ap_done_int                            |   9|          2|    1|          2|
    |ap_enable_reg_pp0_iter1                |   9|          2|    1|          2|
    |ap_enable_reg_pp0_iter7                |   9|          2|    1|          2|
    |ap_phi_mux_first_iter_0_phi_fu_303_p4  |   9|          2|    1|          2|
    |gmem1_blk_n_AR                         |   9|          2|    1|          2|
    |gmem1_blk_n_R                          |   9|          2|    1|          2|
    |iChannel_fu_114                        |   9|          2|   32|         64|
    |indvar_flatten49_fu_118                |   9|          2|   96|        192|
    |indvar_flatten_fu_110                  |   9|          2|   64|        128|
    |x_fu_102                               |   9|          2|   32|         64|
    |y_fu_106                               |   9|          2|   32|         64|
    +---------------------------------------+----+-----------+-----+-----------+
    |Total                                  |  99|         22|  262|        524|
    +---------------------------------------+----+-----------+-----+-----------+

    * Register: 
    +-----------------------------------+----+----+-----+-----------+
    |                Name               | FF | LUT| Bits| Const Bits|
    +-----------------------------------+----+----+-----+-----------+
    |add_ln42_reg_788                   |  32|   0|   32|          0|
    |add_ln43_3_reg_766                 |  32|   0|   32|          0|
    |add_ln43_4_reg_825                 |  33|   0|   33|          0|
    |add_ln43_reg_814                   |  33|   0|   33|          0|
    |ap_CS_fsm                          |   1|   0|    1|          0|
    |ap_done_reg                        |   1|   0|    1|          0|
    |ap_enable_reg_pp0_iter1            |   1|   0|    1|          0|
    |ap_enable_reg_pp0_iter10           |   1|   0|    1|          0|
    |ap_enable_reg_pp0_iter11           |   1|   0|    1|          0|
    |ap_enable_reg_pp0_iter12           |   1|   0|    1|          0|
    |ap_enable_reg_pp0_iter13           |   1|   0|    1|          0|
    |ap_enable_reg_pp0_iter14           |   1|   0|    1|          0|
    |ap_enable_reg_pp0_iter15           |   1|   0|    1|          0|
    |ap_enable_reg_pp0_iter2            |   1|   0|    1|          0|
    |ap_enable_reg_pp0_iter3            |   1|   0|    1|          0|
    |ap_enable_reg_pp0_iter4            |   1|   0|    1|          0|
    |ap_enable_reg_pp0_iter5            |   1|   0|    1|          0|
    |ap_enable_reg_pp0_iter6            |   1|   0|    1|          0|
    |ap_enable_reg_pp0_iter7            |   1|   0|    1|          0|
    |ap_enable_reg_pp0_iter8            |   1|   0|    1|          0|
    |ap_enable_reg_pp0_iter9            |   1|   0|    1|          0|
    |ap_loop_exit_ready_pp0_iter10_reg  |   1|   0|    1|          0|
    |ap_loop_exit_ready_pp0_iter11_reg  |   1|   0|    1|          0|
    |ap_loop_exit_ready_pp0_iter12_reg  |   1|   0|    1|          0|
    |ap_loop_exit_ready_pp0_iter13_reg  |   1|   0|    1|          0|
    |ap_loop_exit_ready_pp0_iter14_reg  |   1|   0|    1|          0|
    |ap_loop_exit_ready_pp0_iter2_reg   |   1|   0|    1|          0|
    |ap_loop_exit_ready_pp0_iter3_reg   |   1|   0|    1|          0|
    |ap_loop_exit_ready_pp0_iter4_reg   |   1|   0|    1|          0|
    |ap_loop_exit_ready_pp0_iter5_reg   |   1|   0|    1|          0|
    |ap_loop_exit_ready_pp0_iter6_reg   |   1|   0|    1|          0|
    |ap_loop_exit_ready_pp0_iter7_reg   |   1|   0|    1|          0|
    |ap_loop_exit_ready_pp0_iter8_reg   |   1|   0|    1|          0|
    |ap_loop_exit_ready_pp0_iter9_reg   |   1|   0|    1|          0|
    |first_iter_0_reg_298               |   1|   0|    1|          0|
    |gmem1_addr_1_read_reg_845          |  32|   0|   32|          0|
    |iChannel_fu_114                    |  32|   0|   32|          0|
    |icmp_ln42_reg_740                  |   1|   0|    1|          0|
    |icmp_ln43_reg_744                  |   1|   0|    1|          0|
    |indvar_flatten49_fu_118            |  96|   0|   96|          0|
    |indvar_flatten_fu_110              |  64|   0|   64|          0|
    |mul_ln42_1_reg_819                 |  32|   0|   32|          0|
    |mul_ln42_reg_798                   |  32|   0|   32|          0|
    |mul_ln42_reg_798_pp0_iter5_reg     |  32|   0|   32|          0|
    |mul_ln43_1_reg_809                 |  32|   0|   32|          0|
    |mul_ln43_reg_804                   |  32|   0|   32|          0|
    |or_ln43_reg_771                    |   1|   0|    1|          0|
    |select_ln42_1_reg_793              |  32|   0|   32|          0|
    |select_ln42_4_reg_761              |   1|   0|    1|          0|
    |select_ln43_2_reg_775              |   2|   0|    2|          0|
    |sext_ln44_mid2_v_reg_830           |  62|   0|   62|          0|
    |trunc_ln46_reg_779                 |   2|   0|    2|          0|
    |x_fu_102                           |  32|   0|   32|          0|
    |y_1_reg_756                        |  32|   0|   32|          0|
    |y_fu_106                           |  32|   0|   32|          0|
    |zext_ln42_cast_reg_729             |  32|   0|   33|          1|
    |zext_ln43_3_cast_reg_735           |  32|   0|   33|          1|
    |icmp_ln42_reg_740                  |  64|  32|    1|          0|
    |icmp_ln43_reg_744                  |  64|  32|    1|          0|
    |or_ln43_reg_771                    |  64|  32|    1|          0|
    |select_ln42_1_reg_793              |  64|  32|   32|          0|
    |select_ln42_4_reg_761              |  64|  32|    1|          0|
    |select_ln43_2_reg_775              |  64|  32|    2|          0|
    |trunc_ln46_reg_779                 |  64|  32|    2|          0|
    +-----------------------------------+----+----+-----+-----------+
    |Total                              |1255| 224|  849|          2|
    +-----------------------------------+----+----+-----+-----------+



================================================================
== Interface
================================================================
* Summary: 
+-------------------------+-----+-----+------------+-------------------------------------+--------------+
|        RTL Ports        | Dir | Bits|  Protocol  |            Source Object            |    C Type    |
+-------------------------+-----+-----+------------+-------------------------------------+--------------+
|ap_clk                   |   in|    1|  ap_ctrl_hs|  Conv2D_HW_Pipeline_loop_load_coef_x|  return value|
|ap_rst                   |   in|    1|  ap_ctrl_hs|  Conv2D_HW_Pipeline_loop_load_coef_x|  return value|
|ap_start                 |   in|    1|  ap_ctrl_hs|  Conv2D_HW_Pipeline_loop_load_coef_x|  return value|
|ap_done                  |  out|    1|  ap_ctrl_hs|  Conv2D_HW_Pipeline_loop_load_coef_x|  return value|
|ap_idle                  |  out|    1|  ap_ctrl_hs|  Conv2D_HW_Pipeline_loop_load_coef_x|  return value|
|ap_ready                 |  out|    1|  ap_ctrl_hs|  Conv2D_HW_Pipeline_loop_load_coef_x|  return value|
|grp_fu_371_p_din0        |  out|   32|  ap_ctrl_hs|  Conv2D_HW_Pipeline_loop_load_coef_x|  return value|
|grp_fu_371_p_din1        |  out|   32|  ap_ctrl_hs|  Conv2D_HW_Pipeline_loop_load_coef_x|  return value|
|grp_fu_371_p_dout0       |   in|   32|  ap_ctrl_hs|  Conv2D_HW_Pipeline_loop_load_coef_x|  return value|
|grp_fu_371_p_ce          |  out|    1|  ap_ctrl_hs|  Conv2D_HW_Pipeline_loop_load_coef_x|  return value|
|grp_fu_420_p_din0        |  out|   32|  ap_ctrl_hs|  Conv2D_HW_Pipeline_loop_load_coef_x|  return value|
|grp_fu_420_p_din1        |  out|   32|  ap_ctrl_hs|  Conv2D_HW_Pipeline_loop_load_coef_x|  return value|
|grp_fu_420_p_dout0       |   in|   32|  ap_ctrl_hs|  Conv2D_HW_Pipeline_loop_load_coef_x|  return value|
|grp_fu_420_p_ce          |  out|    1|  ap_ctrl_hs|  Conv2D_HW_Pipeline_loop_load_coef_x|  return value|
|grp_fu_734_p_din0        |  out|   32|  ap_ctrl_hs|  Conv2D_HW_Pipeline_loop_load_coef_x|  return value|
|grp_fu_734_p_din1        |  out|   32|  ap_ctrl_hs|  Conv2D_HW_Pipeline_loop_load_coef_x|  return value|
|grp_fu_734_p_dout0       |   in|   32|  ap_ctrl_hs|  Conv2D_HW_Pipeline_loop_load_coef_x|  return value|
|grp_fu_734_p_ce          |  out|    1|  ap_ctrl_hs|  Conv2D_HW_Pipeline_loop_load_coef_x|  return value|
|grp_fu_738_p_din0        |  out|   32|  ap_ctrl_hs|  Conv2D_HW_Pipeline_loop_load_coef_x|  return value|
|grp_fu_738_p_din1        |  out|   32|  ap_ctrl_hs|  Conv2D_HW_Pipeline_loop_load_coef_x|  return value|
|grp_fu_738_p_dout0       |   in|   32|  ap_ctrl_hs|  Conv2D_HW_Pipeline_loop_load_coef_x|  return value|
|grp_fu_738_p_ce          |  out|    1|  ap_ctrl_hs|  Conv2D_HW_Pipeline_loop_load_coef_x|  return value|
|m_axi_gmem1_AWVALID      |  out|    1|       m_axi|                                gmem1|       pointer|
|m_axi_gmem1_AWREADY      |   in|    1|       m_axi|                                gmem1|       pointer|
|m_axi_gmem1_AWADDR       |  out|   64|       m_axi|                                gmem1|       pointer|
|m_axi_gmem1_AWID         |  out|    1|       m_axi|                                gmem1|       pointer|
|m_axi_gmem1_AWLEN        |  out|   32|       m_axi|                                gmem1|       pointer|
|m_axi_gmem1_AWSIZE       |  out|    3|       m_axi|                                gmem1|       pointer|
|m_axi_gmem1_AWBURST      |  out|    2|       m_axi|                                gmem1|       pointer|
|m_axi_gmem1_AWLOCK       |  out|    2|       m_axi|                                gmem1|       pointer|
|m_axi_gmem1_AWCACHE      |  out|    4|       m_axi|                                gmem1|       pointer|
|m_axi_gmem1_AWPROT       |  out|    3|       m_axi|                                gmem1|       pointer|
|m_axi_gmem1_AWQOS        |  out|    4|       m_axi|                                gmem1|       pointer|
|m_axi_gmem1_AWREGION     |  out|    4|       m_axi|                                gmem1|       pointer|
|m_axi_gmem1_AWUSER       |  out|    1|       m_axi|                                gmem1|       pointer|
|m_axi_gmem1_WVALID       |  out|    1|       m_axi|                                gmem1|       pointer|
|m_axi_gmem1_WREADY       |   in|    1|       m_axi|                                gmem1|       pointer|
|m_axi_gmem1_WDATA        |  out|   32|       m_axi|                                gmem1|       pointer|
|m_axi_gmem1_WSTRB        |  out|    4|       m_axi|                                gmem1|       pointer|
|m_axi_gmem1_WLAST        |  out|    1|       m_axi|                                gmem1|       pointer|
|m_axi_gmem1_WID          |  out|    1|       m_axi|                                gmem1|       pointer|
|m_axi_gmem1_WUSER        |  out|    1|       m_axi|                                gmem1|       pointer|
|m_axi_gmem1_ARVALID      |  out|    1|       m_axi|                                gmem1|       pointer|
|m_axi_gmem1_ARREADY      |   in|    1|       m_axi|                                gmem1|       pointer|
|m_axi_gmem1_ARADDR       |  out|   64|       m_axi|                                gmem1|       pointer|
|m_axi_gmem1_ARID         |  out|    1|       m_axi|                                gmem1|       pointer|
|m_axi_gmem1_ARLEN        |  out|   32|       m_axi|                                gmem1|       pointer|
|m_axi_gmem1_ARSIZE       |  out|    3|       m_axi|                                gmem1|       pointer|
|m_axi_gmem1_ARBURST      |  out|    2|       m_axi|                                gmem1|       pointer|
|m_axi_gmem1_ARLOCK       |  out|    2|       m_axi|                                gmem1|       pointer|
|m_axi_gmem1_ARCACHE      |  out|    4|       m_axi|                                gmem1|       pointer|
|m_axi_gmem1_ARPROT       |  out|    3|       m_axi|                                gmem1|       pointer|
|m_axi_gmem1_ARQOS        |  out|    4|       m_axi|                                gmem1|       pointer|
|m_axi_gmem1_ARREGION     |  out|    4|       m_axi|                                gmem1|       pointer|
|m_axi_gmem1_ARUSER       |  out|    1|       m_axi|                                gmem1|       pointer|
|m_axi_gmem1_RVALID       |   in|    1|       m_axi|                                gmem1|       pointer|
|m_axi_gmem1_RREADY       |  out|    1|       m_axi|                                gmem1|       pointer|
|m_axi_gmem1_RDATA        |   in|   32|       m_axi|                                gmem1|       pointer|
|m_axi_gmem1_RLAST        |   in|    1|       m_axi|                                gmem1|       pointer|
|m_axi_gmem1_RID          |   in|    1|       m_axi|                                gmem1|       pointer|
|m_axi_gmem1_RFIFONUM     |   in|    9|       m_axi|                                gmem1|       pointer|
|m_axi_gmem1_RUSER        |   in|    1|       m_axi|                                gmem1|       pointer|
|m_axi_gmem1_RRESP        |   in|    2|       m_axi|                                gmem1|       pointer|
|m_axi_gmem1_BVALID       |   in|    1|       m_axi|                                gmem1|       pointer|
|m_axi_gmem1_BREADY       |  out|    1|       m_axi|                                gmem1|       pointer|
|m_axi_gmem1_BRESP        |   in|    2|       m_axi|                                gmem1|       pointer|
|m_axi_gmem1_BID          |   in|    1|       m_axi|                                gmem1|       pointer|
|m_axi_gmem1_BUSER        |   in|    1|       m_axi|                                gmem1|       pointer|
|mul_ln39                 |   in|   32|     ap_none|                             mul_ln39|        scalar|
|convWidth                |   in|   32|     ap_none|                            convWidth|        scalar|
|zext_ln42                |   in|   32|     ap_none|                            zext_ln42|        scalar|
|mul_ln13_1               |   in|   96|     ap_none|                           mul_ln13_1|        scalar|
|filterCoeffs_address0    |  out|    8|   ap_memory|                         filterCoeffs|         array|
|filterCoeffs_ce0         |  out|    1|   ap_memory|                         filterCoeffs|         array|
|filterCoeffs_we0         |  out|    1|   ap_memory|                         filterCoeffs|         array|
|filterCoeffs_d0          |  out|   32|   ap_memory|                         filterCoeffs|         array|
|filterCoeffs_8_address0  |  out|    8|   ap_memory|                       filterCoeffs_8|         array|
|filterCoeffs_8_ce0       |  out|    1|   ap_memory|                       filterCoeffs_8|         array|
|filterCoeffs_8_we0       |  out|    1|   ap_memory|                       filterCoeffs_8|         array|
|filterCoeffs_8_d0        |  out|   32|   ap_memory|                       filterCoeffs_8|         array|
|filterCoeffs_7_address0  |  out|    8|   ap_memory|                       filterCoeffs_7|         array|
|filterCoeffs_7_ce0       |  out|    1|   ap_memory|                       filterCoeffs_7|         array|
|filterCoeffs_7_we0       |  out|    1|   ap_memory|                       filterCoeffs_7|         array|
|filterCoeffs_7_d0        |  out|   32|   ap_memory|                       filterCoeffs_7|         array|
|filterCoeffs_6_address0  |  out|    8|   ap_memory|                       filterCoeffs_6|         array|
|filterCoeffs_6_ce0       |  out|    1|   ap_memory|                       filterCoeffs_6|         array|
|filterCoeffs_6_we0       |  out|    1|   ap_memory|                       filterCoeffs_6|         array|
|filterCoeffs_6_d0        |  out|   32|   ap_memory|                       filterCoeffs_6|         array|
|filterCoeffs_5_address0  |  out|    8|   ap_memory|                       filterCoeffs_5|         array|
|filterCoeffs_5_ce0       |  out|    1|   ap_memory|                       filterCoeffs_5|         array|
|filterCoeffs_5_we0       |  out|    1|   ap_memory|                       filterCoeffs_5|         array|
|filterCoeffs_5_d0        |  out|   32|   ap_memory|                       filterCoeffs_5|         array|
|filterCoeffs_4_address0  |  out|    8|   ap_memory|                       filterCoeffs_4|         array|
|filterCoeffs_4_ce0       |  out|    1|   ap_memory|                       filterCoeffs_4|         array|
|filterCoeffs_4_we0       |  out|    1|   ap_memory|                       filterCoeffs_4|         array|
|filterCoeffs_4_d0        |  out|   32|   ap_memory|                       filterCoeffs_4|         array|
|filterCoeffs_3_address0  |  out|    8|   ap_memory|                       filterCoeffs_3|         array|
|filterCoeffs_3_ce0       |  out|    1|   ap_memory|                       filterCoeffs_3|         array|
|filterCoeffs_3_we0       |  out|    1|   ap_memory|                       filterCoeffs_3|         array|
|filterCoeffs_3_d0        |  out|   32|   ap_memory|                       filterCoeffs_3|         array|
|filterCoeffs_2_address0  |  out|    8|   ap_memory|                       filterCoeffs_2|         array|
|filterCoeffs_2_ce0       |  out|    1|   ap_memory|                       filterCoeffs_2|         array|
|filterCoeffs_2_we0       |  out|    1|   ap_memory|                       filterCoeffs_2|         array|
|filterCoeffs_2_d0        |  out|   32|   ap_memory|                       filterCoeffs_2|         array|
|filterCoeffs_1_address0  |  out|    8|   ap_memory|                       filterCoeffs_1|         array|
|filterCoeffs_1_ce0       |  out|    1|   ap_memory|                       filterCoeffs_1|         array|
|filterCoeffs_1_we0       |  out|    1|   ap_memory|                       filterCoeffs_1|         array|
|filterCoeffs_1_d0        |  out|   32|   ap_memory|                       filterCoeffs_1|         array|
|mul_ln13                 |   in|   64|     ap_none|                             mul_ln13|        scalar|
|zext_ln43_3              |   in|   32|     ap_none|                          zext_ln43_3|        scalar|
|icmp_ln44_1              |   in|    1|     ap_none|                          icmp_ln44_1|        scalar|
|coeffs                   |   in|   64|     ap_none|                               coeffs|        scalar|
+-------------------------+-----+-----+------------+-------------------------------------+--------------+

